
############################
INFO: You are using the old nnU-Net default plans. We have updated our recommendations. Please consider using those instead! Read more here: https://github.com/MIC-DKFZ/nnUNet/blob/master/documentation/resenc_presets.md
############################

Trainer 'nnUNetTrainer_TransformerBottleneck_5epochs' not found in nnunetv2.training.nnUNetTrainer.
Searching in external trainer paths from environment variable 'nnUNet_extTrainer'...
Searching in: /root/autodl-tmp/nnunet_project/code/liver_at_project
Searching for class nnUNetTrainer_TransformerBottleneck_5epochs in folder /root/autodl-tmp/nnunet_project/code/liver_at_project with current module None
  Inspecting module: nnunet_at_v2.modules.transformer3d
  Inspecting module: nnunet_at_v2.trainers.nnUNetTrainer_TransformerBottleneck
Found class nnUNetTrainer_TransformerBottleneck_5epochs in nnunet_at_v2.trainers.nnUNetTrainer_TransformerBottleneck
Using trainer 'nnUNetTrainer_TransformerBottleneck_5epochs' from: /root/autodl-tmp/nnunet_project/code/liver_at_project
Using device: cuda:0

#######################################################################
Please cite the following paper when using nnU-Net:
Isensee, F., Jaeger, P. F., Kohl, S. A., Petersen, J., & Maier-Hein, K. H. (2021). nnU-Net: a self-configuring method for deep learning-based biomedical image segmentation. Nature methods, 18(2), 203-211.
#######################################################################

2026-08-05 12:08:33.645440: Using splits from existing split file: /root/autodl-tmp/nnunet_project/nnUNet_preprocessed/Dataset003_Liver/splits_final.json
2026-08-05 12:08:33.646003: The split file contains 5 splits.
2026-08-05 12:08:33.646131: Desired fold for training: 0
2026-08-05 12:08:33.646228: This split has 104 training and 27 validation cases.
2026-08-05 12:08:33.646504: predicting liver_101
2026-08-05 12:08:34.358929: liver_101, shape torch.Size([1, 478, 470, 470]), rank 0
2026-08-05 12:09:28.764183: predicting liver_11
2026-08-05 12:09:29.227300: liver_11, shape torch.Size([1, 466, 448, 448]), rank 0
2026-08-05 12:10:08.469187: predicting liver_112
2026-08-05 12:10:08.981029: liver_112, shape torch.Size([1, 601, 427, 427]), rank 0
2026-08-05 12:10:59.342950: predicting liver_115
2026-08-05 12:11:00.110744: liver_115, shape torch.Size([1, 677, 504, 504]), rank 0
2026-08-05 12:12:16.264837: predicting liver_12
2026-08-05 12:12:16.646873: liver_12, shape torch.Size([1, 455, 436, 436]), rank 0
2026-08-05 12:12:55.902720: predicting liver_120
2026-08-05 12:12:56.588996: liver_120, shape torch.Size([1, 636, 496, 496]), rank 0
2026-08-05 12:14:05.187836: predicting liver_128
2026-08-05 12:14:05.795071: liver_128, shape torch.Size([1, 458, 521, 521]), rank 0
2026-08-05 12:15:15.399395: predicting liver_17
2026-08-05 12:15:16.148663: liver_17, shape torch.Size([1, 661, 496, 496]), rank 0
2026-08-05 12:16:32.321139: predicting liver_19
2026-08-05 12:16:32.833337: liver_19, shape torch.Size([1, 438, 502, 502]), rank 0
2026-08-05 12:17:18.649070: predicting liver_24
2026-08-05 12:17:19.037611: liver_24, shape torch.Size([1, 414, 447, 447]), rank 0
2026-08-05 12:17:52.671915: predicting liver_25
2026-08-05 12:17:53.159421: liver_25, shape torch.Size([1, 421, 512, 512]), rank 0
2026-08-05 12:18:38.901816: predicting liver_27
2026-08-05 12:18:39.530993: liver_27, shape torch.Size([1, 603, 492, 492]), rank 0
2026-08-05 12:19:48.018654: predicting liver_3
2026-08-05 12:19:48.590030: liver_3, shape torch.Size([1, 534, 462, 462]), rank 0
2026-08-05 12:20:49.484317: predicting liver_38
2026-08-05 12:20:49.744332: liver_38, shape torch.Size([1, 132, 667, 667]), rank 0
2026-08-05 12:21:20.808871: predicting liver_40
2026-08-05 12:21:21.076885: liver_40, shape torch.Size([1, 122, 667, 667]), rank 0
2026-08-05 12:21:36.853396: predicting liver_41
2026-08-05 12:21:37.077430: liver_41, shape torch.Size([1, 113, 667, 667]), rank 0
2026-08-05 12:21:52.818371: predicting liver_42
2026-08-05 12:21:53.078494: liver_42, shape torch.Size([1, 125, 667, 667]), rank 0
2026-08-05 12:22:08.842836: predicting liver_44
2026-08-05 12:22:09.106400: liver_44, shape torch.Size([1, 119, 667, 667]), rank 0
2026-08-05 12:22:24.871754: predicting liver_5
2026-08-05 12:22:25.698237: liver_5, shape torch.Size([1, 430, 646, 646]), rank 0
2026-08-05 12:23:58.904148: predicting liver_51
2026-08-05 12:23:59.934888: liver_51, shape torch.Size([1, 681, 602, 602]), rank 0
2026-08-05 12:26:05.838403: predicting liver_52
2026-08-05 12:26:06.703820: liver_52, shape torch.Size([1, 592, 558, 558]), rank 0
2026-08-05 12:27:36.352371: predicting liver_58
2026-08-05 12:27:36.746289: liver_58, shape torch.Size([1, 424, 456, 456]), rank 0
2026-08-05 12:28:22.448647: predicting liver_64
2026-08-05 12:28:23.024180: liver_64, shape torch.Size([1, 460, 519, 519]), rank 0
2026-08-05 12:29:32.728627: predicting liver_70
2026-08-05 12:29:33.020818: liver_70, shape torch.Size([1, 416, 399, 399]), rank 0
2026-08-05 12:30:06.632093: predicting liver_75
2026-08-05 12:30:07.080343: liver_75, shape torch.Size([1, 445, 505, 505]), rank 0
2026-08-05 12:30:52.887154: predicting liver_77
2026-08-05 12:30:53.422531: liver_77, shape torch.Size([1, 470, 521, 521]), rank 0
2026-08-05 12:32:03.163111: predicting liver_82
2026-08-05 12:32:03.484058: liver_82, shape torch.Size([1, 416, 417, 417]), rank 0
2026-08-05 12:34:47.975190: Validation complete
2026-08-05 12:34:47.975539: Mean Validation Dice:  0.3248088688808617
exit_code=0
