
############################
INFO: You are using the old nnU-Net default plans. We have updated our recommendations. Please consider using those instead! Read more here: https://github.com/MIC-DKFZ/nnUNet/blob/master/documentation/resenc_presets.md
############################

Trainer 'nnUNetTrainer_CBAMTransformer' not found in nnunetv2.training.nnUNetTrainer.
Searching in external trainer paths from environment variable 'nnUNet_extTrainer'...
Searching in: /root/autodl-tmp/nnunet_project/code/liver_at_project
Searching for class nnUNetTrainer_CBAMTransformer in folder /root/autodl-tmp/nnunet_project/code/liver_at_project with current module None
  Inspecting module: nnunet_at_v2.modules.cbam3d
  Inspecting module: nnunet_at_v2.modules.transformer3d
  Inspecting module: nnunet_at_v2.trainers.nnUNetTrainer_CBAMLite
  Inspecting module: nnunet_at_v2.trainers.nnUNetTrainer_CBAMTransformer
Found class nnUNetTrainer_CBAMTransformer in nnunet_at_v2.trainers.nnUNetTrainer_CBAMTransformer
Using trainer 'nnUNetTrainer_CBAMTransformer' from: /root/autodl-tmp/nnunet_project/code/liver_at_project
Using device: cuda:0

#######################################################################
Please cite the following paper when using nnU-Net:
Isensee, F., Jaeger, P. F., Kohl, S. A., Petersen, J., & Maier-Hein, K. H. (2021). nnU-Net: a self-configuring method for deep learning-based biomedical image segmentation. Nature methods, 18(2), 203-211.
#######################################################################

2026-08-07 09:36:00.630013: Using splits from existing split file: /root/autodl-tmp/nnunet_project/nnUNet_preprocessed/Dataset003_Liver/splits_final.json
2026-08-07 09:36:00.630683: The split file contains 5 splits.
2026-08-07 09:36:00.630826: Desired fold for training: 0
2026-08-07 09:36:00.630937: This split has 104 training and 27 validation cases.
2026-08-07 09:36:00.631258: predicting liver_101
2026-08-07 09:36:01.123509: liver_101, shape torch.Size([1, 478, 470, 470]), rank 0
2026-08-07 09:36:56.094888: predicting liver_11
2026-08-07 09:36:56.585013: liver_11, shape torch.Size([1, 466, 448, 448]), rank 0
2026-08-07 09:37:36.359637: predicting liver_112
2026-08-07 09:37:36.925222: liver_112, shape torch.Size([1, 601, 427, 427]), rank 0
2026-08-07 09:38:28.015421: predicting liver_115
2026-08-07 09:38:28.851533: liver_115, shape torch.Size([1, 677, 504, 504]), rank 0
2026-08-07 09:39:46.171095: predicting liver_12
2026-08-07 09:39:46.582120: liver_12, shape torch.Size([1, 455, 436, 436]), rank 0
2026-08-07 09:40:26.494617: predicting liver_120
2026-08-07 09:40:27.221865: liver_120, shape torch.Size([1, 636, 496, 496]), rank 0
2026-08-07 09:41:36.875927: predicting liver_128
2026-08-07 09:41:37.517055: liver_128, shape torch.Size([1, 458, 521, 521]), rank 0
2026-08-07 09:42:48.180060: predicting liver_17
2026-08-07 09:42:48.938380: liver_17, shape torch.Size([1, 661, 496, 496]), rank 0
2026-08-07 09:44:06.284869: predicting liver_19
2026-08-07 09:44:06.787449: liver_19, shape torch.Size([1, 438, 502, 502]), rank 0
2026-08-07 09:44:53.343782: predicting liver_24
2026-08-07 09:44:53.754349: liver_24, shape torch.Size([1, 414, 447, 447]), rank 0
2026-08-07 09:45:27.899671: predicting liver_25
2026-08-07 09:45:28.432008: liver_25, shape torch.Size([1, 421, 512, 512]), rank 0
2026-08-07 09:46:14.880592: predicting liver_27
2026-08-07 09:46:15.545463: liver_27, shape torch.Size([1, 603, 492, 492]), rank 0
2026-08-07 09:47:25.103573: predicting liver_3
2026-08-07 09:47:25.622213: liver_3, shape torch.Size([1, 534, 462, 462]), rank 0
2026-08-07 09:48:27.551590: predicting liver_38
2026-08-07 09:48:27.825233: liver_38, shape torch.Size([1, 132, 667, 667]), rank 0
2026-08-07 09:48:59.407997: predicting liver_40
2026-08-07 09:48:59.683055: liver_40, shape torch.Size([1, 122, 667, 667]), rank 0
2026-08-07 09:49:15.715401: predicting liver_41
2026-08-07 09:49:15.953795: liver_41, shape torch.Size([1, 113, 667, 667]), rank 0
2026-08-07 09:49:31.957087: predicting liver_42
2026-08-07 09:49:32.224674: liver_42, shape torch.Size([1, 125, 667, 667]), rank 0
2026-08-07 09:49:48.275267: predicting liver_44
2026-08-07 09:49:48.536526: liver_44, shape torch.Size([1, 119, 667, 667]), rank 0
2026-08-07 09:50:04.567124: predicting liver_5
2026-08-07 09:50:05.337347: liver_5, shape torch.Size([1, 430, 646, 646]), rank 0
2026-08-07 09:51:39.996719: predicting liver_51
2026-08-07 09:51:40.999384: liver_51, shape torch.Size([1, 681, 602, 602]), rank 0
2026-08-07 09:53:48.693934: predicting liver_52
2026-08-07 09:53:49.579125: liver_52, shape torch.Size([1, 592, 558, 558]), rank 0
2026-08-07 09:55:20.692364: predicting liver_58
2026-08-07 09:55:21.098064: liver_58, shape torch.Size([1, 424, 456, 456]), rank 0
2026-08-07 09:56:07.496020: predicting liver_64
2026-08-07 09:56:08.081507: liver_64, shape torch.Size([1, 460, 519, 519]), rank 0
2026-08-07 09:57:18.783030: predicting liver_70
2026-08-07 09:57:19.072155: liver_70, shape torch.Size([1, 416, 399, 399]), rank 0
2026-08-07 09:57:53.180011: predicting liver_75
2026-08-07 09:57:53.645789: liver_75, shape torch.Size([1, 445, 505, 505]), rank 0
2026-08-07 09:58:40.096587: predicting liver_77
2026-08-07 09:58:40.628555: liver_77, shape torch.Size([1, 470, 521, 521]), rank 0
2026-08-07 09:59:51.417439: predicting liver_82
2026-08-07 09:59:51.746545: liver_82, shape torch.Size([1, 416, 417, 417]), rank 0
2026-08-07 10:02:46.977225: Validation complete
2026-08-07 10:02:46.977357: Mean Validation Dice:  0.8047579370456366
exit_code=0
